<?xml version="1.0" encoding="UTF-8"?>
<TestRun id="60649900-f3c6-44b2-b3dd-558fabe8c865" name="Administrator@WIN-0K4T79BK01O 2012-04-18 22:37:58" runUser="WIN-0K4T79BK01O\Administrator" xmlns="http://microsoft.com/schemas/VisualStudio/TeamTest/2010">
  <TestSettings name="本地" id="f872862b-a01e-49d3-a1c2-78a2634ead2f">
    <Description>这些设置为本地测试运行的默认测试设置。</Description>
    <Deployment enabled="false" runDeploymentRoot="Administrator_WIN-0K4T79BK01O 2012-04-18 22_37_58">
      <DeploymentItem filename="e:\Projects\BowlingGame\BowlingGame\bin\Debug\BowlingGame.exe" />
      <DeploymentItem filename="e:\Projects\BowlingGame\TestProject2\nunit.framework.dll" />
    </Deployment>
    <Execution>
      <TestTypeSpecific />
      <AgentRule name="Execution Agents">
      </AgentRule>
    </Execution>
  </TestSettings>
  <Times creation="2012-04-18T22:37:58.0765833+08:00" queuing="2012-04-18T22:37:59.7096767+08:00" start="2012-04-18T22:37:59.8866869+08:00" finish="2012-04-18T22:38:01.4707775+08:00" />
  <ResultSummary outcome="Failed">
    <Counters total="10" executed="10" passed="9" error="0" failed="1" timeout="0" aborted="0" inconclusive="0" passedButRunAborted="0" notRunnable="0" notExecuted="0" disconnected="0" warning="0" completed="0" inProgress="0" pending="0" />
  </ResultSummary>
  <TestDefinitions>
    <UnitTest name="TestEndOfArray" storage="e:\projects\bowlinggame\testproject2\bin\debug\testproject2.dll" id="59df9494-dfff-595e-9c5f-baa6b14a2997">
      <Execution id="eec4c252-4526-41d9-9f5a-6b66f36cd237" />
      <TestMethod codeBase="e:/Projects/BowlingGame/TestProject2/bin/Debug/TestProject2.DLL" adapterTypeName="Microsoft.VisualStudio.TestTools.TestTypes.Unit.UnitTestAdapter, Microsoft.VisualStudio.QualityTools.Tips.UnitTest.Adapter, Version=10.0.0.0, Culture=neutral, PublicKeyToken=b03f5f7f11d50a3a" className="GameTest, TestProject2, Version=1.0.0.0, Culture=neutral, PublicKeyToken=null" name="TestEndOfArray" />
    </UnitTest>
    <UnitTest name="TestHeartBreak" storage="e:\projects\bowlinggame\testproject2\bin\debug\testproject2.dll" id="b6a3027d-cfe4-9ad8-60f0-ae70202bb49b">
      <Execution id="36447324-bf56-493d-a718-54a04e38312b" />
      <TestMethod codeBase="e:/Projects/BowlingGame/TestProject2/bin/Debug/TestProject2.DLL" adapterTypeName="Microsoft.VisualStudio.TestTools.TestTypes.Unit.UnitTestAdapter, Microsoft.VisualStudio.QualityTools.Tips.UnitTest.Adapter, Version=10.0.0.0, Culture=neutral, PublicKeyToken=b03f5f7f11d50a3a" className="GameTest, TestProject2, Version=1.0.0.0, Culture=neutral, PublicKeyToken=null" name="TestHeartBreak" />
    </UnitTest>
    <UnitTest name="TestSimpleFrameAfterSpare" storage="e:\projects\bowlinggame\testproject2\bin\debug\testproject2.dll" id="04135ee3-a2e0-fa22-42de-0ac57e200f10">
      <Execution id="79c93564-6302-4198-bf0d-7040c858967f" />
      <TestMethod codeBase="e:/Projects/BowlingGame/TestProject2/bin/Debug/TestProject2.DLL" adapterTypeName="Microsoft.VisualStudio.TestTools.TestTypes.Unit.UnitTestAdapter, Microsoft.VisualStudio.QualityTools.Tips.UnitTest.Adapter, Version=10.0.0.0, Culture=neutral, PublicKeyToken=b03f5f7f11d50a3a" className="GameTest, TestProject2, Version=1.0.0.0, Culture=neutral, PublicKeyToken=null" name="TestSimpleFrameAfterSpare" />
    </UnitTest>
    <UnitTest name="TestFourThrowsNoMark" storage="e:\projects\bowlinggame\testproject2\bin\debug\testproject2.dll" id="0a8f0ad1-b7ef-eac7-cc8b-54c6ff61d764">
      <Execution id="85b6902e-4462-4572-8fff-2e63c0cbd141" />
      <TestMethod codeBase="e:/Projects/BowlingGame/TestProject2/bin/Debug/TestProject2.DLL" adapterTypeName="Microsoft.VisualStudio.TestTools.TestTypes.Unit.UnitTestAdapter, Microsoft.VisualStudio.QualityTools.Tips.UnitTest.Adapter, Version=10.0.0.0, Culture=neutral, PublicKeyToken=b03f5f7f11d50a3a" className="GameTest, TestProject2, Version=1.0.0.0, Culture=neutral, PublicKeyToken=null" name="TestFourThrowsNoMark" />
    </UnitTest>
    <UnitTest name="TestTwoThrowsNoMark" storage="e:\projects\bowlinggame\testproject2\bin\debug\testproject2.dll" id="6ab79bfc-5949-4c0b-ffce-681d0997ffeb">
      <Execution id="8f0c933d-efcb-4f62-8a1d-8ff7dbb35885" />
      <TestMethod codeBase="e:/Projects/BowlingGame/TestProject2/bin/Debug/TestProject2.DLL" adapterTypeName="Microsoft.VisualStudio.TestTools.TestTypes.Unit.UnitTestAdapter, Microsoft.VisualStudio.QualityTools.Tips.UnitTest.Adapter, Version=10.0.0.0, Culture=neutral, PublicKeyToken=b03f5f7f11d50a3a" className="GameTest, TestProject2, Version=1.0.0.0, Culture=neutral, PublicKeyToken=null" name="TestTwoThrowsNoMark" />
    </UnitTest>
    <UnitTest name="TestTenthFrameSpare" storage="e:\projects\bowlinggame\testproject2\bin\debug\testproject2.dll" id="f5de30d3-89de-aa9b-2948-f601e82fa4ef">
      <Execution id="c4f22cc0-4972-4c5c-bd3f-58548d6fb250" />
      <TestMethod codeBase="e:/Projects/BowlingGame/TestProject2/bin/Debug/TestProject2.DLL" adapterTypeName="Microsoft.VisualStudio.TestTools.TestTypes.Unit.UnitTestAdapter, Microsoft.VisualStudio.QualityTools.Tips.UnitTest.Adapter, Version=10.0.0.0, Culture=neutral, PublicKeyToken=b03f5f7f11d50a3a" className="GameTest, TestProject2, Version=1.0.0.0, Culture=neutral, PublicKeyToken=null" name="TestTenthFrameSpare" />
    </UnitTest>
    <UnitTest name="TestSampleGame" storage="e:\projects\bowlinggame\testproject2\bin\debug\testproject2.dll" id="38ceed33-46af-960e-5121-f27adf2951c6">
      <Execution id="52f0bbbb-ab00-407f-984a-89fe457d96e2" />
      <TestMethod codeBase="e:/Projects/BowlingGame/TestProject2/bin/Debug/TestProject2.DLL" adapterTypeName="Microsoft.VisualStudio.TestTools.TestTypes.Unit.UnitTestAdapter, Microsoft.VisualStudio.QualityTools.Tips.UnitTest.Adapter, Version=10.0.0.0, Culture=neutral, PublicKeyToken=b03f5f7f11d50a3a" className="GameTest, TestProject2, Version=1.0.0.0, Culture=neutral, PublicKeyToken=null" name="TestSampleGame" />
    </UnitTest>
    <UnitTest name="TestSimpleSpare" storage="e:\projects\bowlinggame\testproject2\bin\debug\testproject2.dll" id="b722181e-230d-cb37-7618-63bd7e032d6c">
      <Execution id="9830532b-6966-4a41-b533-2c5d421faa24" />
      <TestMethod codeBase="e:/Projects/BowlingGame/TestProject2/bin/Debug/TestProject2.DLL" adapterTypeName="Microsoft.VisualStudio.TestTools.TestTypes.Unit.UnitTestAdapter, Microsoft.VisualStudio.QualityTools.Tips.UnitTest.Adapter, Version=10.0.0.0, Culture=neutral, PublicKeyToken=b03f5f7f11d50a3a" className="GameTest, TestProject2, Version=1.0.0.0, Culture=neutral, PublicKeyToken=null" name="TestSimpleSpare" />
    </UnitTest>
    <UnitTest name="TestSimpleStrike" storage="e:\projects\bowlinggame\testproject2\bin\debug\testproject2.dll" id="58af7c17-bd28-10f5-15b6-90025c5cd184">
      <Execution id="61e19a67-aa76-4f76-95af-56292f782afb" />
      <TestMethod codeBase="e:/Projects/BowlingGame/TestProject2/bin/Debug/TestProject2.DLL" adapterTypeName="Microsoft.VisualStudio.TestTools.TestTypes.Unit.UnitTestAdapter, Microsoft.VisualStudio.QualityTools.Tips.UnitTest.Adapter, Version=10.0.0.0, Culture=neutral, PublicKeyToken=b03f5f7f11d50a3a" className="GameTest, TestProject2, Version=1.0.0.0, Culture=neutral, PublicKeyToken=null" name="TestSimpleStrike" />
    </UnitTest>
    <UnitTest name="TestPerfectGame" storage="e:\projects\bowlinggame\testproject2\bin\debug\testproject2.dll" id="c524e6f3-1d89-0912-c782-eb91a02a2c66">
      <Execution id="b0fbdec6-b575-4ec7-a6bf-d703e8551e37" />
      <TestMethod codeBase="e:/Projects/BowlingGame/TestProject2/bin/Debug/TestProject2.DLL" adapterTypeName="Microsoft.VisualStudio.TestTools.TestTypes.Unit.UnitTestAdapter, Microsoft.VisualStudio.QualityTools.Tips.UnitTest.Adapter, Version=10.0.0.0, Culture=neutral, PublicKeyToken=b03f5f7f11d50a3a" className="GameTest, TestProject2, Version=1.0.0.0, Culture=neutral, PublicKeyToken=null" name="TestPerfectGame" />
    </UnitTest>
  </TestDefinitions>
  <TestLists>
    <TestList name="列表中未列出的结果" id="8c84fa94-04c1-424b-9868-57a2d4851a1d" />
    <TestList name="所有已加载的结果" id="19431567-8539-422a-85d7-44ee4e166bda" />
  </TestLists>
  <TestEntries>
    <TestEntry testId="6ab79bfc-5949-4c0b-ffce-681d0997ffeb" executionId="8f0c933d-efcb-4f62-8a1d-8ff7dbb35885" testListId="8c84fa94-04c1-424b-9868-57a2d4851a1d" />
    <TestEntry testId="0a8f0ad1-b7ef-eac7-cc8b-54c6ff61d764" executionId="85b6902e-4462-4572-8fff-2e63c0cbd141" testListId="8c84fa94-04c1-424b-9868-57a2d4851a1d" />
    <TestEntry testId="b722181e-230d-cb37-7618-63bd7e032d6c" executionId="9830532b-6966-4a41-b533-2c5d421faa24" testListId="8c84fa94-04c1-424b-9868-57a2d4851a1d" />
    <TestEntry testId="04135ee3-a2e0-fa22-42de-0ac57e200f10" executionId="79c93564-6302-4198-bf0d-7040c858967f" testListId="8c84fa94-04c1-424b-9868-57a2d4851a1d" />
    <TestEntry testId="58af7c17-bd28-10f5-15b6-90025c5cd184" executionId="61e19a67-aa76-4f76-95af-56292f782afb" testListId="8c84fa94-04c1-424b-9868-57a2d4851a1d" />
    <TestEntry testId="c524e6f3-1d89-0912-c782-eb91a02a2c66" executionId="b0fbdec6-b575-4ec7-a6bf-d703e8551e37" testListId="8c84fa94-04c1-424b-9868-57a2d4851a1d" />
    <TestEntry testId="59df9494-dfff-595e-9c5f-baa6b14a2997" executionId="eec4c252-4526-41d9-9f5a-6b66f36cd237" testListId="8c84fa94-04c1-424b-9868-57a2d4851a1d" />
    <TestEntry testId="38ceed33-46af-960e-5121-f27adf2951c6" executionId="52f0bbbb-ab00-407f-984a-89fe457d96e2" testListId="8c84fa94-04c1-424b-9868-57a2d4851a1d" />
    <TestEntry testId="b6a3027d-cfe4-9ad8-60f0-ae70202bb49b" executionId="36447324-bf56-493d-a718-54a04e38312b" testListId="8c84fa94-04c1-424b-9868-57a2d4851a1d" />
    <TestEntry testId="f5de30d3-89de-aa9b-2948-f601e82fa4ef" executionId="c4f22cc0-4972-4c5c-bd3f-58548d6fb250" testListId="8c84fa94-04c1-424b-9868-57a2d4851a1d" />
  </TestEntries>
  <Results>
    <UnitTestResult executionId="8f0c933d-efcb-4f62-8a1d-8ff7dbb35885" testId="6ab79bfc-5949-4c0b-ffce-681d0997ffeb" testName="TestTwoThrowsNoMark" computerName="WIN-0K4T79BK01O" duration="00:00:00.0402272" startTime="2012-04-18T22:38:00.1086996+08:00" endTime="2012-04-18T22:38:00.9367469+08:00" testType="13cdc9d9-ddb5-4fa4-a97d-d965ccfc6d4b" outcome="Passed" testListId="8c84fa94-04c1-424b-9868-57a2d4851a1d" relativeResultsDirectory="8f0c933d-efcb-4f62-8a1d-8ff7dbb35885">
    </UnitTestResult>
    <UnitTestResult executionId="85b6902e-4462-4572-8fff-2e63c0cbd141" testId="0a8f0ad1-b7ef-eac7-cc8b-54c6ff61d764" testName="TestFourThrowsNoMark" computerName="WIN-0K4T79BK01O" duration="00:00:00.0006414" startTime="2012-04-18T22:38:00.9467475+08:00" endTime="2012-04-18T22:38:00.9587482+08:00" testType="13cdc9d9-ddb5-4fa4-a97d-d965ccfc6d4b" outcome="Passed" testListId="8c84fa94-04c1-424b-9868-57a2d4851a1d" relativeResultsDirectory="85b6902e-4462-4572-8fff-2e63c0cbd141">
    </UnitTestResult>
    <UnitTestResult executionId="9830532b-6966-4a41-b533-2c5d421faa24" testId="b722181e-230d-cb37-7618-63bd7e032d6c" testName="TestSimpleSpare" computerName="WIN-0K4T79BK01O" duration="00:00:00.0002938" startTime="2012-04-18T22:38:00.9617483+08:00" endTime="2012-04-18T22:38:00.9677487+08:00" testType="13cdc9d9-ddb5-4fa4-a97d-d965ccfc6d4b" outcome="Passed" testListId="8c84fa94-04c1-424b-9868-57a2d4851a1d" relativeResultsDirectory="9830532b-6966-4a41-b533-2c5d421faa24">
    </UnitTestResult>
    <UnitTestResult executionId="79c93564-6302-4198-bf0d-7040c858967f" testId="04135ee3-a2e0-fa22-42de-0ac57e200f10" testName="TestSimpleFrameAfterSpare" computerName="WIN-0K4T79BK01O" duration="00:00:00.0003920" startTime="2012-04-18T22:38:00.9747491+08:00" endTime="2012-04-18T22:38:00.9887499+08:00" testType="13cdc9d9-ddb5-4fa4-a97d-d965ccfc6d4b" outcome="Passed" testListId="8c84fa94-04c1-424b-9868-57a2d4851a1d" relativeResultsDirectory="79c93564-6302-4198-bf0d-7040c858967f">
    </UnitTestResult>
    <UnitTestResult executionId="61e19a67-aa76-4f76-95af-56292f782afb" testId="58af7c17-bd28-10f5-15b6-90025c5cd184" testName="TestSimpleStrike" computerName="WIN-0K4T79BK01O" duration="00:00:00.0003295" startTime="2012-04-18T22:38:00.9897499+08:00" endTime="2012-04-18T22:38:00.9967503+08:00" testType="13cdc9d9-ddb5-4fa4-a97d-d965ccfc6d4b" outcome="Passed" testListId="8c84fa94-04c1-424b-9868-57a2d4851a1d" relativeResultsDirectory="61e19a67-aa76-4f76-95af-56292f782afb">
    </UnitTestResult>
    <UnitTestResult executionId="b0fbdec6-b575-4ec7-a6bf-d703e8551e37" testId="c524e6f3-1d89-0912-c782-eb91a02a2c66" testName="TestPerfectGame" computerName="WIN-0K4T79BK01O" duration="00:00:00.2940569" startTime="2012-04-18T22:38:00.9987505+08:00" endTime="2012-04-18T22:38:01.3537708+08:00" testType="13cdc9d9-ddb5-4fa4-a97d-d965ccfc6d4b" outcome="Failed" testListId="8c84fa94-04c1-424b-9868-57a2d4851a1d" relativeResultsDirectory="b0fbdec6-b575-4ec7-a6bf-d703e8551e37">
      <Output>
        <ErrorInfo>
          <Message>Assert.AreEqual 失败。应为: &lt;1300&gt;，实际为: &lt;300&gt;。</Message>
          <StackTrace>   在 GameTest.TestPerfectGame() 位置 e:\Projects\BowlingGame\TestProject2\GameTest.cs:行号 74
</StackTrace>
        </ErrorInfo>
      </Output>
    </UnitTestResult>
    <UnitTestResult executionId="eec4c252-4526-41d9-9f5a-6b66f36cd237" testId="59df9494-dfff-595e-9c5f-baa6b14a2997" testName="TestEndOfArray" computerName="WIN-0K4T79BK01O" duration="00:00:00.0008467" startTime="2012-04-18T22:38:01.3587711+08:00" endTime="2012-04-18T22:38:01.3847725+08:00" testType="13cdc9d9-ddb5-4fa4-a97d-d965ccfc6d4b" outcome="Passed" testListId="8c84fa94-04c1-424b-9868-57a2d4851a1d" relativeResultsDirectory="eec4c252-4526-41d9-9f5a-6b66f36cd237">
    </UnitTestResult>
    <UnitTestResult executionId="52f0bbbb-ab00-407f-984a-89fe457d96e2" testId="38ceed33-46af-960e-5121-f27adf2951c6" testName="TestSampleGame" computerName="WIN-0K4T79BK01O" duration="00:00:00.0006101" startTime="2012-04-18T22:38:01.3927730+08:00" endTime="2012-04-18T22:38:01.4017735+08:00" testType="13cdc9d9-ddb5-4fa4-a97d-d965ccfc6d4b" outcome="Passed" testListId="8c84fa94-04c1-424b-9868-57a2d4851a1d" relativeResultsDirectory="52f0bbbb-ab00-407f-984a-89fe457d96e2">
    </UnitTestResult>
    <UnitTestResult executionId="36447324-bf56-493d-a718-54a04e38312b" testId="b6a3027d-cfe4-9ad8-60f0-ae70202bb49b" testName="TestHeartBreak" computerName="WIN-0K4T79BK01O" duration="00:00:00.0002444" startTime="2012-04-18T22:38:01.4047737+08:00" endTime="2012-04-18T22:38:01.4107740+08:00" testType="13cdc9d9-ddb5-4fa4-a97d-d965ccfc6d4b" outcome="Passed" testListId="8c84fa94-04c1-424b-9868-57a2d4851a1d" relativeResultsDirectory="36447324-bf56-493d-a718-54a04e38312b">
    </UnitTestResult>
    <UnitTestResult executionId="c4f22cc0-4972-4c5c-bd3f-58548d6fb250" testId="f5de30d3-89de-aa9b-2948-f601e82fa4ef" testName="TestTenthFrameSpare" computerName="WIN-0K4T79BK01O" duration="00:00:00.0002884" startTime="2012-04-18T22:38:01.4137742+08:00" endTime="2012-04-18T22:38:01.4197745+08:00" testType="13cdc9d9-ddb5-4fa4-a97d-d965ccfc6d4b" outcome="Passed" testListId="8c84fa94-04c1-424b-9868-57a2d4851a1d" relativeResultsDirectory="c4f22cc0-4972-4c5c-bd3f-58548d6fb250">
    </UnitTestResult>
  </Results>
</TestRun>