<?xml version="1.0" encoding="UTF-8"?>
<TestRun id="772c4591-0003-400e-94d7-66fb7891b446" name="Administrator@WIN-0K4T79BK01O 2012-04-18 22:41:18" runUser="WIN-0K4T79BK01O\Administrator" xmlns="http://microsoft.com/schemas/VisualStudio/TeamTest/2010">
  <TestSettings name="本地" id="f872862b-a01e-49d3-a1c2-78a2634ead2f">
    <Description>这些设置为本地测试运行的默认测试设置。</Description>
    <Deployment enabled="false" runDeploymentRoot="Administrator_WIN-0K4T79BK01O 2012-04-18 22_41_18">
      <DeploymentItem filename="e:\Projects\BowlingGame\BowlingGame\bin\Debug\BowlingGame.exe" />
      <DeploymentItem filename="e:\Projects\BowlingGame\TestProject2\nunit.framework.dll" />
    </Deployment>
    <Execution>
      <TestTypeSpecific />
      <AgentRule name="Execution Agents">
      </AgentRule>
    </Execution>
  </TestSettings>
  <Times creation="2012-04-18T22:41:18.3580388+08:00" queuing="2012-04-18T22:41:19.4911036+08:00" start="2012-04-18T22:41:19.6191109+08:00" finish="2012-04-18T22:41:20.6631706+08:00" />
  <ResultSummary outcome="Completed">
    <Counters total="9" executed="9" passed="9" error="0" failed="0" timeout="0" aborted="0" inconclusive="0" passedButRunAborted="0" notRunnable="0" notExecuted="0" disconnected="0" warning="0" completed="0" inProgress="0" pending="0" />
  </ResultSummary>
  <TestDefinitions>
    <UnitTest name="TestEndOfArray" storage="e:\projects\bowlinggame\testproject2\bin\debug\testproject2.dll" id="59df9494-dfff-595e-9c5f-baa6b14a2997">
      <Execution id="0fa6c203-567f-4000-be5c-373c8a0fcbb1" />
      <TestMethod codeBase="e:/Projects/BowlingGame/TestProject2/bin/Debug/TestProject2.DLL" adapterTypeName="Microsoft.VisualStudio.TestTools.TestTypes.Unit.UnitTestAdapter, Microsoft.VisualStudio.QualityTools.Tips.UnitTest.Adapter, Version=10.0.0.0, Culture=neutral, PublicKeyToken=b03f5f7f11d50a3a" className="GameTest, TestProject2, Version=1.0.0.0, Culture=neutral, PublicKeyToken=null" name="TestEndOfArray" />
    </UnitTest>
    <UnitTest name="TestHeartBreak" storage="e:\projects\bowlinggame\testproject2\bin\debug\testproject2.dll" id="b6a3027d-cfe4-9ad8-60f0-ae70202bb49b">
      <Execution id="5fc78785-930a-4797-b99e-228e63611720" />
      <TestMethod codeBase="e:/Projects/BowlingGame/TestProject2/bin/Debug/TestProject2.DLL" adapterTypeName="Microsoft.VisualStudio.TestTools.TestTypes.Unit.UnitTestAdapter, Microsoft.VisualStudio.QualityTools.Tips.UnitTest.Adapter, Version=10.0.0.0, Culture=neutral, PublicKeyToken=b03f5f7f11d50a3a" className="GameTest, TestProject2, Version=1.0.0.0, Culture=neutral, PublicKeyToken=null" name="TestHeartBreak" />
    </UnitTest>
    <UnitTest name="TestSimpleFrameAfterSpare" storage="e:\projects\bowlinggame\testproject2\bin\debug\testproject2.dll" id="04135ee3-a2e0-fa22-42de-0ac57e200f10">
      <Execution id="d6f4bc48-72df-4ff9-b17a-6ab5295f9b69" />
      <TestMethod codeBase="e:/Projects/BowlingGame/TestProject2/bin/Debug/TestProject2.DLL" adapterTypeName="Microsoft.VisualStudio.TestTools.TestTypes.Unit.UnitTestAdapter, Microsoft.VisualStudio.QualityTools.Tips.UnitTest.Adapter, Version=10.0.0.0, Culture=neutral, PublicKeyToken=b03f5f7f11d50a3a" className="GameTest, TestProject2, Version=1.0.0.0, Culture=neutral, PublicKeyToken=null" name="TestSimpleFrameAfterSpare" />
    </UnitTest>
    <UnitTest name="TestFourThrowsNoMark" storage="e:\projects\bowlinggame\testproject2\bin\debug\testproject2.dll" id="0a8f0ad1-b7ef-eac7-cc8b-54c6ff61d764">
      <Execution id="1cdb81dd-14f6-4860-b466-5780f422614d" />
      <TestMethod codeBase="e:/Projects/BowlingGame/TestProject2/bin/Debug/TestProject2.DLL" adapterTypeName="Microsoft.VisualStudio.TestTools.TestTypes.Unit.UnitTestAdapter, Microsoft.VisualStudio.QualityTools.Tips.UnitTest.Adapter, Version=10.0.0.0, Culture=neutral, PublicKeyToken=b03f5f7f11d50a3a" className="GameTest, TestProject2, Version=1.0.0.0, Culture=neutral, PublicKeyToken=null" name="TestFourThrowsNoMark" />
    </UnitTest>
    <UnitTest name="TestTwoThrowsNoMark" storage="e:\projects\bowlinggame\testproject2\bin\debug\testproject2.dll" id="6ab79bfc-5949-4c0b-ffce-681d0997ffeb">
      <Execution id="56f0e1c9-9af5-4b6c-a67f-66e88390c9b4" />
      <TestMethod codeBase="e:/Projects/BowlingGame/TestProject2/bin/Debug/TestProject2.DLL" adapterTypeName="Microsoft.VisualStudio.TestTools.TestTypes.Unit.UnitTestAdapter, Microsoft.VisualStudio.QualityTools.Tips.UnitTest.Adapter, Version=10.0.0.0, Culture=neutral, PublicKeyToken=b03f5f7f11d50a3a" className="GameTest, TestProject2, Version=1.0.0.0, Culture=neutral, PublicKeyToken=null" name="TestTwoThrowsNoMark" />
    </UnitTest>
    <UnitTest name="TestTenthFrameSpare" storage="e:\projects\bowlinggame\testproject2\bin\debug\testproject2.dll" id="f5de30d3-89de-aa9b-2948-f601e82fa4ef">
      <Execution id="efa6d437-8e21-480f-8cba-c2b9feb99a9d" />
      <TestMethod codeBase="e:/Projects/BowlingGame/TestProject2/bin/Debug/TestProject2.DLL" adapterTypeName="Microsoft.VisualStudio.TestTools.TestTypes.Unit.UnitTestAdapter, Microsoft.VisualStudio.QualityTools.Tips.UnitTest.Adapter, Version=10.0.0.0, Culture=neutral, PublicKeyToken=b03f5f7f11d50a3a" className="GameTest, TestProject2, Version=1.0.0.0, Culture=neutral, PublicKeyToken=null" name="TestTenthFrameSpare" />
    </UnitTest>
    <UnitTest name="TestSampleGame" storage="e:\projects\bowlinggame\testproject2\bin\debug\testproject2.dll" id="38ceed33-46af-960e-5121-f27adf2951c6">
      <Execution id="6728c2e2-4d79-4d66-a5b1-7cd2b15c3054" />
      <TestMethod codeBase="e:/Projects/BowlingGame/TestProject2/bin/Debug/TestProject2.DLL" adapterTypeName="Microsoft.VisualStudio.TestTools.TestTypes.Unit.UnitTestAdapter, Microsoft.VisualStudio.QualityTools.Tips.UnitTest.Adapter, Version=10.0.0.0, Culture=neutral, PublicKeyToken=b03f5f7f11d50a3a" className="GameTest, TestProject2, Version=1.0.0.0, Culture=neutral, PublicKeyToken=null" name="TestSampleGame" />
    </UnitTest>
    <UnitTest name="TestSimpleSpare" storage="e:\projects\bowlinggame\testproject2\bin\debug\testproject2.dll" id="b722181e-230d-cb37-7618-63bd7e032d6c">
      <Execution id="b3ce0b83-48c1-42f7-97bd-819e0027ef42" />
      <TestMethod codeBase="e:/Projects/BowlingGame/TestProject2/bin/Debug/TestProject2.DLL" adapterTypeName="Microsoft.VisualStudio.TestTools.TestTypes.Unit.UnitTestAdapter, Microsoft.VisualStudio.QualityTools.Tips.UnitTest.Adapter, Version=10.0.0.0, Culture=neutral, PublicKeyToken=b03f5f7f11d50a3a" className="GameTest, TestProject2, Version=1.0.0.0, Culture=neutral, PublicKeyToken=null" name="TestSimpleSpare" />
    </UnitTest>
    <UnitTest name="TestSimpleStrike" storage="e:\projects\bowlinggame\testproject2\bin\debug\testproject2.dll" id="58af7c17-bd28-10f5-15b6-90025c5cd184">
      <Execution id="cc06c417-5295-46cf-8cfb-b1009bc71ffa" />
      <TestMethod codeBase="e:/Projects/BowlingGame/TestProject2/bin/Debug/TestProject2.DLL" adapterTypeName="Microsoft.VisualStudio.TestTools.TestTypes.Unit.UnitTestAdapter, Microsoft.VisualStudio.QualityTools.Tips.UnitTest.Adapter, Version=10.0.0.0, Culture=neutral, PublicKeyToken=b03f5f7f11d50a3a" className="GameTest, TestProject2, Version=1.0.0.0, Culture=neutral, PublicKeyToken=null" name="TestSimpleStrike" />
    </UnitTest>
  </TestDefinitions>
  <TestLists>
    <TestList name="列表中未列出的结果" id="8c84fa94-04c1-424b-9868-57a2d4851a1d" />
    <TestList name="所有已加载的结果" id="19431567-8539-422a-85d7-44ee4e166bda" />
  </TestLists>
  <TestEntries>
    <TestEntry testId="6ab79bfc-5949-4c0b-ffce-681d0997ffeb" executionId="56f0e1c9-9af5-4b6c-a67f-66e88390c9b4" testListId="8c84fa94-04c1-424b-9868-57a2d4851a1d" />
    <TestEntry testId="0a8f0ad1-b7ef-eac7-cc8b-54c6ff61d764" executionId="1cdb81dd-14f6-4860-b466-5780f422614d" testListId="8c84fa94-04c1-424b-9868-57a2d4851a1d" />
    <TestEntry testId="b722181e-230d-cb37-7618-63bd7e032d6c" executionId="b3ce0b83-48c1-42f7-97bd-819e0027ef42" testListId="8c84fa94-04c1-424b-9868-57a2d4851a1d" />
    <TestEntry testId="04135ee3-a2e0-fa22-42de-0ac57e200f10" executionId="d6f4bc48-72df-4ff9-b17a-6ab5295f9b69" testListId="8c84fa94-04c1-424b-9868-57a2d4851a1d" />
    <TestEntry testId="58af7c17-bd28-10f5-15b6-90025c5cd184" executionId="cc06c417-5295-46cf-8cfb-b1009bc71ffa" testListId="8c84fa94-04c1-424b-9868-57a2d4851a1d" />
    <TestEntry testId="59df9494-dfff-595e-9c5f-baa6b14a2997" executionId="0fa6c203-567f-4000-be5c-373c8a0fcbb1" testListId="8c84fa94-04c1-424b-9868-57a2d4851a1d" />
    <TestEntry testId="b6a3027d-cfe4-9ad8-60f0-ae70202bb49b" executionId="5fc78785-930a-4797-b99e-228e63611720" testListId="8c84fa94-04c1-424b-9868-57a2d4851a1d" />
    <TestEntry testId="f5de30d3-89de-aa9b-2948-f601e82fa4ef" executionId="efa6d437-8e21-480f-8cba-c2b9feb99a9d" testListId="8c84fa94-04c1-424b-9868-57a2d4851a1d" />
    <TestEntry testId="38ceed33-46af-960e-5121-f27adf2951c6" executionId="6728c2e2-4d79-4d66-a5b1-7cd2b15c3054" testListId="8c84fa94-04c1-424b-9868-57a2d4851a1d" />
  </TestEntries>
  <Results>
    <UnitTestResult executionId="56f0e1c9-9af5-4b6c-a67f-66e88390c9b4" testId="6ab79bfc-5949-4c0b-ffce-681d0997ffeb" testName="TestTwoThrowsNoMark" computerName="WIN-0K4T79BK01O" duration="00:00:00.0212656" startTime="2012-04-18T22:41:19.7621191+08:00" endTime="2012-04-18T22:41:20.3031500+08:00" testType="13cdc9d9-ddb5-4fa4-a97d-d965ccfc6d4b" outcome="Passed" testListId="8c84fa94-04c1-424b-9868-57a2d4851a1d" relativeResultsDirectory="56f0e1c9-9af5-4b6c-a67f-66e88390c9b4">
    </UnitTestResult>
    <UnitTestResult executionId="1cdb81dd-14f6-4860-b466-5780f422614d" testId="0a8f0ad1-b7ef-eac7-cc8b-54c6ff61d764" testName="TestFourThrowsNoMark" computerName="WIN-0K4T79BK01O" duration="00:00:00.0003304" startTime="2012-04-18T22:41:20.3141506+08:00" endTime="2012-04-18T22:41:20.3261513+08:00" testType="13cdc9d9-ddb5-4fa4-a97d-d965ccfc6d4b" outcome="Passed" testListId="8c84fa94-04c1-424b-9868-57a2d4851a1d" relativeResultsDirectory="1cdb81dd-14f6-4860-b466-5780f422614d">
    </UnitTestResult>
    <UnitTestResult executionId="b3ce0b83-48c1-42f7-97bd-819e0027ef42" testId="b722181e-230d-cb37-7618-63bd7e032d6c" testName="TestSimpleSpare" computerName="WIN-0K4T79BK01O" duration="00:00:00.0003612" startTime="2012-04-18T22:41:20.3351519+08:00" endTime="2012-04-18T22:41:20.3481526+08:00" testType="13cdc9d9-ddb5-4fa4-a97d-d965ccfc6d4b" outcome="Passed" testListId="8c84fa94-04c1-424b-9868-57a2d4851a1d" relativeResultsDirectory="b3ce0b83-48c1-42f7-97bd-819e0027ef42">
    </UnitTestResult>
    <UnitTestResult executionId="d6f4bc48-72df-4ff9-b17a-6ab5295f9b69" testId="04135ee3-a2e0-fa22-42de-0ac57e200f10" testName="TestSimpleFrameAfterSpare" computerName="WIN-0K4T79BK01O" duration="00:00:00.0003544" startTime="2012-04-18T22:41:20.3561531+08:00" endTime="2012-04-18T22:41:20.3661536+08:00" testType="13cdc9d9-ddb5-4fa4-a97d-d965ccfc6d4b" outcome="Passed" testListId="8c84fa94-04c1-424b-9868-57a2d4851a1d" relativeResultsDirectory="d6f4bc48-72df-4ff9-b17a-6ab5295f9b69">
    </UnitTestResult>
    <UnitTestResult executionId="cc06c417-5295-46cf-8cfb-b1009bc71ffa" testId="58af7c17-bd28-10f5-15b6-90025c5cd184" testName="TestSimpleStrike" computerName="WIN-0K4T79BK01O" duration="00:00:00.0003862" startTime="2012-04-18T22:41:20.3741541+08:00" endTime="2012-04-18T22:41:20.3841547+08:00" testType="13cdc9d9-ddb5-4fa4-a97d-d965ccfc6d4b" outcome="Passed" testListId="8c84fa94-04c1-424b-9868-57a2d4851a1d" relativeResultsDirectory="cc06c417-5295-46cf-8cfb-b1009bc71ffa">
    </UnitTestResult>
    <UnitTestResult executionId="0fa6c203-567f-4000-be5c-373c8a0fcbb1" testId="59df9494-dfff-595e-9c5f-baa6b14a2997" testName="TestEndOfArray" computerName="WIN-0K4T79BK01O" duration="00:00:00.0003109" startTime="2012-04-18T22:41:20.4071560+08:00" endTime="2012-04-18T22:41:20.4261571+08:00" testType="13cdc9d9-ddb5-4fa4-a97d-d965ccfc6d4b" outcome="Passed" testListId="8c84fa94-04c1-424b-9868-57a2d4851a1d" relativeResultsDirectory="0fa6c203-567f-4000-be5c-373c8a0fcbb1">
    </UnitTestResult>
    <UnitTestResult executionId="5fc78785-930a-4797-b99e-228e63611720" testId="b6a3027d-cfe4-9ad8-60f0-ae70202bb49b" testName="TestHeartBreak" computerName="WIN-0K4T79BK01O" duration="00:00:00.0002816" startTime="2012-04-18T22:41:20.4461582+08:00" endTime="2012-04-18T22:41:20.4631592+08:00" testType="13cdc9d9-ddb5-4fa4-a97d-d965ccfc6d4b" outcome="Passed" testListId="8c84fa94-04c1-424b-9868-57a2d4851a1d" relativeResultsDirectory="5fc78785-930a-4797-b99e-228e63611720">
    </UnitTestResult>
    <UnitTestResult executionId="efa6d437-8e21-480f-8cba-c2b9feb99a9d" testId="f5de30d3-89de-aa9b-2948-f601e82fa4ef" testName="TestTenthFrameSpare" computerName="WIN-0K4T79BK01O" duration="00:00:00.0003231" startTime="2012-04-18T22:41:20.4721597+08:00" endTime="2012-04-18T22:41:20.4901607+08:00" testType="13cdc9d9-ddb5-4fa4-a97d-d965ccfc6d4b" outcome="Passed" testListId="8c84fa94-04c1-424b-9868-57a2d4851a1d" relativeResultsDirectory="efa6d437-8e21-480f-8cba-c2b9feb99a9d">
    </UnitTestResult>
    <UnitTestResult executionId="6728c2e2-4d79-4d66-a5b1-7cd2b15c3054" testId="38ceed33-46af-960e-5121-f27adf2951c6" testName="TestSampleGame" computerName="WIN-0K4T79BK01O" duration="00:00:00.0003945" startTime="2012-04-18T22:41:20.5071617+08:00" endTime="2012-04-18T22:41:20.5211625+08:00" testType="13cdc9d9-ddb5-4fa4-a97d-d965ccfc6d4b" outcome="Passed" testListId="8c84fa94-04c1-424b-9868-57a2d4851a1d" relativeResultsDirectory="6728c2e2-4d79-4d66-a5b1-7cd2b15c3054">
    </UnitTestResult>
  </Results>
</TestRun>